[2026-07-06 18:19:38] FATAL SignalException: SIGTERM
	/Users/bak/Desktop/GitBlog/Bakcoding.github.io/vendor/bundle/ruby/2.6.0/gems/webrick-1.9.2/lib/webrick/server.rb:173:in `select'
	/Users/bak/Desktop/GitBlog/Bakcoding.github.io/vendor/bundle/ruby/2.6.0/gems/webrick-1.9.2/lib/webrick/server.rb:173:in `block in start'
	/Users/bak/Desktop/GitBlog/Bakcoding.github.io/vendor/bundle/ruby/2.6.0/gems/webrick-1.9.2/lib/webrick/server.rb:32:in `start'
	/Users/bak/Desktop/GitBlog/Bakcoding.github.io/vendor/bundle/ruby/2.6.0/gems/webrick-1.9.2/lib/webrick/server.rb:160:in `start'
	scripts/blog_admin.rb:866:in `<main>'
Blog admin running at http://127.0.0.1:4567
[2026-07-06 18:23:35] FATAL SignalException: SIGTERM
	/Users/bak/Desktop/GitBlog/Bakcoding.github.io/vendor/bundle/ruby/2.6.0/gems/webrick-1.9.2/lib/webrick/server.rb:173:in `select'
	/Users/bak/Desktop/GitBlog/Bakcoding.github.io/vendor/bundle/ruby/2.6.0/gems/webrick-1.9.2/lib/webrick/server.rb:173:in `block in start'
	/Users/bak/Desktop/GitBlog/Bakcoding.github.io/vendor/bundle/ruby/2.6.0/gems/webrick-1.9.2/lib/webrick/server.rb:32:in `start'
	/Users/bak/Desktop/GitBlog/Bakcoding.github.io/vendor/bundle/ruby/2.6.0/gems/webrick-1.9.2/lib/webrick/server.rb:160:in `start'
	scripts/blog_admin.rb:866:in `<main>'
Blog admin running at http://127.0.0.1:4567
[2026-07-06 18:44:52] FATAL SignalException: SIGTERM
	/Users/bak/Desktop/GitBlog/Bakcoding.github.io/vendor/bundle/ruby/2.6.0/gems/webrick-1.9.2/lib/webrick/server.rb:173:in `select'
	/Users/bak/Desktop/GitBlog/Bakcoding.github.io/vendor/bundle/ruby/2.6.0/gems/webrick-1.9.2/lib/webrick/server.rb:173:in `block in start'
	/Users/bak/Desktop/GitBlog/Bakcoding.github.io/vendor/bundle/ruby/2.6.0/gems/webrick-1.9.2/lib/webrick/server.rb:32:in `start'
	/Users/bak/Desktop/GitBlog/Bakcoding.github.io/vendor/bundle/ruby/2.6.0/gems/webrick-1.9.2/lib/webrick/server.rb:160:in `start'
	/Users/bak/Desktop/GitBlog/Bakcoding.github.io/scripts/blog_admin.rb:866:in `<main>'
Blog admin running at http://127.0.0.1:4569
[2026-07-06 19:10:27] FATAL SignalException: SIGTERM
	/Users/bak/Desktop/GitBlog/Bakcoding.github.io/vendor/bundle/ruby/2.6.0/gems/webrick-1.9.2/lib/webrick/server.rb:173:in `select'
	/Users/bak/Desktop/GitBlog/Bakcoding.github.io/vendor/bundle/ruby/2.6.0/gems/webrick-1.9.2/lib/webrick/server.rb:173:in `block in start'
	/Users/bak/Desktop/GitBlog/Bakcoding.github.io/vendor/bundle/ruby/2.6.0/gems/webrick-1.9.2/lib/webrick/server.rb:32:in `start'
	/Users/bak/Desktop/GitBlog/Bakcoding.github.io/vendor/bundle/ruby/2.6.0/gems/webrick-1.9.2/lib/webrick/server.rb:160:in `start'
	/Users/bak/Desktop/GitBlog/Bakcoding.github.io/scripts/blog_admin.rb:866:in `<main>'
Blog admin running at http://127.0.0.1:4567
[2026-07-06 19:19:52] FATAL SignalException: SIGTERM
	/Users/bak/Desktop/GitBlog/Bakcoding.github.io/vendor/bundle/ruby/2.6.0/gems/webrick-1.9.2/lib/webrick/server.rb:173:in `select'
	/Users/bak/Desktop/GitBlog/Bakcoding.github.io/vendor/bundle/ruby/2.6.0/gems/webrick-1.9.2/lib/webrick/server.rb:173:in `block in start'
	/Users/bak/Desktop/GitBlog/Bakcoding.github.io/vendor/bundle/ruby/2.6.0/gems/webrick-1.9.2/lib/webrick/server.rb:32:in `start'
	/Users/bak/Desktop/GitBlog/Bakcoding.github.io/vendor/bundle/ruby/2.6.0/gems/webrick-1.9.2/lib/webrick/server.rb:160:in `start'
	/Users/bak/Desktop/GitBlog/Bakcoding.github.io/scripts/blog_admin.rb:985:in `<main>'
Blog admin running at http://127.0.0.1:4567
Blog admin running at http://127.0.0.1:4567
[2026-07-06 19:21:51] FATAL SignalException: SIGTERM
	/Users/bak/Desktop/GitBlog/Bakcoding.github.io/vendor/bundle/ruby/2.6.0/gems/webrick-1.9.2/lib/webrick/server.rb:173:in `select'
	/Users/bak/Desktop/GitBlog/Bakcoding.github.io/vendor/bundle/ruby/2.6.0/gems/webrick-1.9.2/lib/webrick/server.rb:173:in `block in start'
	/Users/bak/Desktop/GitBlog/Bakcoding.github.io/vendor/bundle/ruby/2.6.0/gems/webrick-1.9.2/lib/webrick/server.rb:32:in `start'
	/Users/bak/Desktop/GitBlog/Bakcoding.github.io/vendor/bundle/ruby/2.6.0/gems/webrick-1.9.2/lib/webrick/server.rb:160:in `start'
	/Users/bak/Desktop/GitBlog/Bakcoding.github.io/scripts/blog_admin.rb:1017:in `<main>'
[2026-07-06 19:28:19] FATAL SignalException: SIGTERM
	/Users/bak/Desktop/GitBlog/Bakcoding.github.io/vendor/bundle/ruby/2.6.0/gems/webrick-1.9.2/lib/webrick/server.rb:173:in `select'
	/Users/bak/Desktop/GitBlog/Bakcoding.github.io/vendor/bundle/ruby/2.6.0/gems/webrick-1.9.2/lib/webrick/server.rb:173:in `block in start'
	/Users/bak/Desktop/GitBlog/Bakcoding.github.io/vendor/bundle/ruby/2.6.0/gems/webrick-1.9.2/lib/webrick/server.rb:32:in `start'
	/Users/bak/Desktop/GitBlog/Bakcoding.github.io/vendor/bundle/ruby/2.6.0/gems/webrick-1.9.2/lib/webrick/server.rb:160:in `start'
	/Users/bak/Desktop/GitBlog/Bakcoding.github.io/scripts/blog_admin.rb:1017:in `<main>'
Blog admin running at http://127.0.0.1:4567
[2026-07-13 15:11:05] FATAL SignalException: SIGTERM
	/Users/bak/Desktop/GitBlog/Bakcoding.github.io/vendor/bundle/ruby/2.6.0/gems/webrick-1.9.2/lib/webrick/server.rb:173:in `select'
	/Users/bak/Desktop/GitBlog/Bakcoding.github.io/vendor/bundle/ruby/2.6.0/gems/webrick-1.9.2/lib/webrick/server.rb:173:in `block in start'
	/Users/bak/Desktop/GitBlog/Bakcoding.github.io/vendor/bundle/ruby/2.6.0/gems/webrick-1.9.2/lib/webrick/server.rb:32:in `start'
	/Users/bak/Desktop/GitBlog/Bakcoding.github.io/vendor/bundle/ruby/2.6.0/gems/webrick-1.9.2/lib/webrick/server.rb:160:in `start'
	/Users/bak/Desktop/GitBlog/Bakcoding.github.io/scripts/blog_admin.rb:1017:in `<main>'
Blog admin running at http://127.0.0.1:4567
Blog admin running at http://127.0.0.1:4567
[2026-07-13 15:24:00] FATAL SignalException: SIGTERM
	/Users/bak/Desktop/GitBlog/Bakcoding.github.io/vendor/bundle/ruby/2.6.0/gems/webrick-1.9.2/lib/webrick/server.rb:173:in `select'
	/Users/bak/Desktop/GitBlog/Bakcoding.github.io/vendor/bundle/ruby/2.6.0/gems/webrick-1.9.2/lib/webrick/server.rb:173:in `block in start'
	/Users/bak/Desktop/GitBlog/Bakcoding.github.io/vendor/bundle/ruby/2.6.0/gems/webrick-1.9.2/lib/webrick/server.rb:32:in `start'
	/Users/bak/Desktop/GitBlog/Bakcoding.github.io/vendor/bundle/ruby/2.6.0/gems/webrick-1.9.2/lib/webrick/server.rb:160:in `start'
	/Users/bak/Desktop/GitBlog/Bakcoding.github.io/scripts/blog_admin.rb:1100:in `<main>'
Blog admin running at http://127.0.0.1:4567
[2026-07-13 15:37:04] FATAL SignalException: SIGTERM
	/Users/bak/Desktop/GitBlog/Bakcoding.github.io/vendor/bundle/ruby/2.6.0/gems/webrick-1.9.2/lib/webrick/server.rb:173:in `select'
	/Users/bak/Desktop/GitBlog/Bakcoding.github.io/vendor/bundle/ruby/2.6.0/gems/webrick-1.9.2/lib/webrick/server.rb:173:in `block in start'
	/Users/bak/Desktop/GitBlog/Bakcoding.github.io/vendor/bundle/ruby/2.6.0/gems/webrick-1.9.2/lib/webrick/server.rb:32:in `start'
	/Users/bak/Desktop/GitBlog/Bakcoding.github.io/vendor/bundle/ruby/2.6.0/gems/webrick-1.9.2/lib/webrick/server.rb:160:in `start'
	/Users/bak/Desktop/GitBlog/Bakcoding.github.io/scripts/blog_admin.rb:1211:in `<main>'
Blog admin running at http://127.0.0.1:4567
tab 1 of window id 4980
tab 1 of window id 4981
tab 1 of window id 4982
tab 1 of window id 4983
tab 1 of window id 4984
tab 1 of window id 4985
tab 1 of window id 4989
[2026-07-13 15:48:31] FATAL SignalException: SIGTERM
	/Users/bak/Desktop/GitBlog/Bakcoding.github.io/vendor/bundle/ruby/2.6.0/gems/webrick-1.9.2/lib/webrick/server.rb:173:in `select'
	/Users/bak/Desktop/GitBlog/Bakcoding.github.io/vendor/bundle/ruby/2.6.0/gems/webrick-1.9.2/lib/webrick/server.rb:173:in `block in start'
	/Users/bak/Desktop/GitBlog/Bakcoding.github.io/vendor/bundle/ruby/2.6.0/gems/webrick-1.9.2/lib/webrick/server.rb:32:in `start'
	/Users/bak/Desktop/GitBlog/Bakcoding.github.io/vendor/bundle/ruby/2.6.0/gems/webrick-1.9.2/lib/webrick/server.rb:160:in `start'
	/Users/bak/Desktop/GitBlog/Bakcoding.github.io/scripts/blog_admin.rb:1249:in `<main>'
Blog admin running at http://127.0.0.1:4567
tab 1 of window id 4994
[2026-07-13 15:54:53] FATAL SignalException: SIGTERM
	/Users/bak/Desktop/GitBlog/Bakcoding.github.io/vendor/bundle/ruby/2.6.0/gems/webrick-1.9.2/lib/webrick/server.rb:173:in `select'
	/Users/bak/Desktop/GitBlog/Bakcoding.github.io/vendor/bundle/ruby/2.6.0/gems/webrick-1.9.2/lib/webrick/server.rb:173:in `block in start'
	/Users/bak/Desktop/GitBlog/Bakcoding.github.io/vendor/bundle/ruby/2.6.0/gems/webrick-1.9.2/lib/webrick/server.rb:32:in `start'
	/Users/bak/Desktop/GitBlog/Bakcoding.github.io/vendor/bundle/ruby/2.6.0/gems/webrick-1.9.2/lib/webrick/server.rb:160:in `start'
	/Users/bak/Desktop/GitBlog/Bakcoding.github.io/scripts/blog_admin.rb:1288:in `<main>'
Blog admin running at http://127.0.0.1:4567
[2026-07-13 15:59:06] FATAL SignalException: SIGTERM
	/Users/bak/Desktop/GitBlog/Bakcoding.github.io/vendor/bundle/ruby/2.6.0/gems/webrick-1.9.2/lib/webrick/server.rb:173:in `select'
	/Users/bak/Desktop/GitBlog/Bakcoding.github.io/vendor/bundle/ruby/2.6.0/gems/webrick-1.9.2/lib/webrick/server.rb:173:in `block in start'
	/Users/bak/Desktop/GitBlog/Bakcoding.github.io/vendor/bundle/ruby/2.6.0/gems/webrick-1.9.2/lib/webrick/server.rb:32:in `start'
	/Users/bak/Desktop/GitBlog/Bakcoding.github.io/vendor/bundle/ruby/2.6.0/gems/webrick-1.9.2/lib/webrick/server.rb:160:in `start'
	/Users/bak/Desktop/GitBlog/Bakcoding.github.io/scripts/blog_admin.rb:1311:in `<main>'
