Configuration file: /Users/bak/Desktop/GitBlog/Bakcoding.github.io/_config.yml
To use retry middleware with Faraday v2.0+, install `faraday-retry` gem
            Source: /Users/bak/Desktop/GitBlog/Bakcoding.github.io
       Destination: /Users/bak/Desktop/GitBlog/Bakcoding.github.io/_site
 Incremental build: disabled. Enable with --incremental
      Generating... 
       Jekyll Feed: Generating feed for posts
Configuration file: /Users/bak/Desktop/GitBlog/Bakcoding.github.io/_config.yml
To use retry middleware with Faraday v2.0+, install `faraday-retry` gem
            Source: /Users/bak/Desktop/GitBlog/Bakcoding.github.io
       Destination: /Users/bak/Desktop/GitBlog/Bakcoding.github.io/_site
 Incremental build: disabled. Enable with --incremental
      Generating... 
       Jekyll Feed: Generating feed for posts
Configuration file: /Users/bak/Desktop/GitBlog/Bakcoding.github.io/_config.yml
To use retry middleware with Faraday v2.0+, install `faraday-retry` gem
            Source: /Users/bak/Desktop/GitBlog/Bakcoding.github.io
       Destination: /Users/bak/Desktop/GitBlog/Bakcoding.github.io/_site
 Incremental build: disabled. Enable with --incremental
      Generating... 
       Jekyll Feed: Generating feed for posts
[31m                    ------------------------------------------------[0m
[31m      Jekyll 4.3.4   Please append `--trace` to the `serve` command [0m
[31m                     for any additional information or backtrace. [0m
[31m                    ------------------------------------------------[0m
                    done in 22.035 seconds.
 Auto-regeneration: enabled for '/Users/bak/Desktop/GitBlog/Bakcoding.github.io'
    Server address: http://127.0.0.1:4000
  Server running... press ctrl-c to stop.
                    done in 18.449 seconds.
 Auto-regeneration: enabled for '/Users/bak/Desktop/GitBlog/Bakcoding.github.io'
[31m                    ------------------------------------------------[0m
[31m      Jekyll 4.3.4   Please append `--trace` to the `serve` command [0m
[31m                     for any additional information or backtrace. [0m
[31m                    ------------------------------------------------[0m
[31m                    ------------------------------------------------[0m
[31m      Jekyll 4.3.4   Please append `--trace` to the `serve` command [0m
[31m                     for any additional information or backtrace. [0m
[31m                    ------------------------------------------------[0m
Configuration file: /Users/bak/Desktop/GitBlog/Bakcoding.github.io/_config.yml
To use retry middleware with Faraday v2.0+, install `faraday-retry` gem
            Source: /Users/bak/Desktop/GitBlog/Bakcoding.github.io
       Destination: /Users/bak/Desktop/GitBlog/Bakcoding.github.io/_site
 Incremental build: disabled. Enable with --incremental
      Generating... 
       Jekyll Feed: Generating feed for posts
Configuration file: /Users/bak/Desktop/GitBlog/Bakcoding.github.io/_config.yml
To use retry middleware with Faraday v2.0+, install `faraday-retry` gem
            Source: /Users/bak/Desktop/GitBlog/Bakcoding.github.io
       Destination: /Users/bak/Desktop/GitBlog/Bakcoding.github.io/_site
 Incremental build: disabled. Enable with --incremental
      Generating... 
       Jekyll Feed: Generating feed for posts
                    done in 14.946 seconds.
 Auto-regeneration: enabled for '/Users/bak/Desktop/GitBlog/Bakcoding.github.io'
    Server address: http://127.0.0.1:4000
  Server running... press ctrl-c to stop.
                    done in 17.136 seconds.
 Auto-regeneration: enabled for '/Users/bak/Desktop/GitBlog/Bakcoding.github.io'
[31m                    ------------------------------------------------[0m
[31m      Jekyll 4.3.4   Please append `--trace` to the `serve` command [0m
[31m                     for any additional information or backtrace. [0m
[31m                    ------------------------------------------------[0m
[31m                    ------------------------------------------------[0m
[31m      Jekyll 4.3.4   Please append `--trace` to the `serve` command [0m
[31m                     for any additional information or backtrace. [0m
[31m                    ------------------------------------------------[0m
